src/app/page.tsx(708,3): error TS1128: Declaration or statement expected.
src/app/page.tsx(709,2): error TS1109: Expression expected.
